PASS (3) FAIL (0)
